I: running int tests from appendix_a.json, extra.json
I: total int tests = 83
I: int test 0: 0
I: int test 1: 1
I: int test 2: 10
I: int test 3: 23
I: int test 4: 24
I: int test 5: 25
I: int test 6: 100
I: int test 7: 1000
I: int test 8: 1000000
I: int test 9: 1000000000000
I: int test 10: "18446744073709551615"
I: int test 11: "18446744073709551616"
I: int test 12: "-18446744073709551616"
I: int test 13: "-18446744073709551617"
I: int test 14: -1
I: int test 15: -10
I: int test 16: -100
I: int test 17: -1000
I: int test 18: 0.0
I: int test 19: -0.0
I: int test 20: 1.0
I: int test 21: 1.1
I: int test 22: 1.5
I: int test 23: 65504.0
I: int test 24: 100000.0
I: int test 25: 3.4028234663852886e+38
I: int test 26: 1e+300
I: int test 27: 5.9604644775390625e-08
I: int test 28: 6.103515625e-05
I: int test 29: -4.0
I: int test 30: -4.1
I: int test 31: Infinity
I: int test 32: NaN
I: int test 33: -Infinity
I: int test 34: Infinity
I: int test 35: NaN
I: int test 36: -Infinity
I: int test 37: Infinity
I: int test 38: NaN
I: int test 39: -Infinity
I: int test 40: false
I: int test 41: true
I: int test 42: null
I: int test 43: undefined
I: int test 44: simple(16)
I: int test 45: simple(24)
I: int test 46: simple(255)
I: int test 47: 0("2013-03-21T20:04:00Z")
I: int test 48: 1(1363896240)
I: int test 49: 1(1363896240.5)
I: int test 50: 23(h'01020304')
I: int test 51: 24(h'6449455446')
I: int test 52: 32("http://www.example.com")
I: int test 53: h''
I: int test 54: h'01020304'
I: int test 55: ""
I: int test 56: "a"
I: int test 57: "IETF"
I: int test 58: "\"\\"
I: int test 59: "ü"
I: int test 60: "水"
I: int test 61: "𐅑"
I: int test 62: []
I: int test 63: [1,2,3]
I: int test 64: [1,[2,3],[4,5]]
I: int test 65: [1,2,3,4,5,6,7,8,9,10,11,12,13,14,15,16,17,18,19,20,21,22,23,24,25]
I: int test 66: {}
I: int test 67: {1: 2, 3: 4}
I: int test 68: {"a":1,"b":[2,3]}
I: int test 69: ["a",{"b":"c"}]
I: int test 70: {"a":"A","b":"B","c":"C","d":"D","e":"E"}
I: int test 71: (_ h'0102', h'030405')
I: int test 72: "streaming"
I: int test 73: []
I: int test 74: [1,[2,3],[4,5]]
I: int test 75: [1,[2,3],[4,5]]
I: int test 76: [1,[2,3],[4,5]]
I: int test 77: [1,[2,3],[4,5]]
I: int test 78: [1,2,3,4,5,6,7,8,9,10,11,12,13,14,15,16,17,18,19,20,21,22,23,24,25]
I: int test 79: {"a":1,"b":[2,3]}
I: int test 80: ["a",{"b":"c"}]
I: int test 81: {"Fun":true,"Amt":-2}
I: int test 82: CBOR.Error("out-of-range: 9223372036854775807")
I: int tests finished. tests ok = 71 failed = 0 ignored = 12
I: running int64 tests from appendix_a.json, extra.json
I: total int64 tests = 83
I: int64 test 0: 0
I: int64 test 1: 1
I: int64 test 2: 10
I: int64 test 3: 23
I: int64 test 4: 24
I: int64 test 5: 25
I: int64 test 6: 100
I: int64 test 7: 1000
I: int64 test 8: 1000000
I: int64 test 9: 1000000000000
I: int64 test 10: "18446744073709551615"
I: int64 test 11: "18446744073709551616"
I: int64 test 12: "-18446744073709551616"
I: int64 test 13: "-18446744073709551617"
I: int64 test 14: -1
I: int64 test 15: -10
I: int64 test 16: -100
I: int64 test 17: -1000
I: int64 test 18: 0.0
I: int64 test 19: -0.0
I: int64 test 20: 1.0
I: int64 test 21: 1.1
I: int64 test 22: 1.5
I: int64 test 23: 65504.0
I: int64 test 24: 100000.0
I: int64 test 25: 3.4028234663852886e+38
I: int64 test 26: 1e+300
I: int64 test 27: 5.9604644775390625e-08
I: int64 test 28: 6.103515625e-05
I: int64 test 29: -4.0
I: int64 test 30: -4.1
I: int64 test 31: Infinity
I: int64 test 32: NaN
I: int64 test 33: -Infinity
I: int64 test 34: Infinity
I: int64 test 35: NaN
I: int64 test 36: -Infinity
I: int64 test 37: Infinity
I: int64 test 38: NaN
I: int64 test 39: -Infinity
I: int64 test 40: false
I: int64 test 41: true
I: int64 test 42: null
I: int64 test 43: undefined
I: int64 test 44: simple(16)
I: int64 test 45: simple(24)
I: int64 test 46: simple(255)
I: int64 test 47: 0("2013-03-21T20:04:00Z")
I: int64 test 48: 1(1363896240)
I: int64 test 49: 1(1363896240.5)
I: int64 test 50: 23(h'01020304')
I: int64 test 51: 24(h'6449455446')
I: int64 test 52: 32("http://www.example.com")
I: int64 test 53: h''
I: int64 test 54: h'01020304'
I: int64 test 55: ""
I: int64 test 56: "a"
I: int64 test 57: "IETF"
I: int64 test 58: "\"\\"
I: int64 test 59: "ü"
I: int64 test 60: "水"
I: int64 test 61: "𐅑"
I: int64 test 62: []
I: int64 test 63: [1,2,3]
I: int64 test 64: [1,[2,3],[4,5]]
I: int64 test 65: [1,2,3,4,5,6,7,8,9,10,11,12,13,14,15,16,17,18,19,20,21,22,23,24,25]
I: int64 test 66: {}
I: int64 test 67: {1: 2, 3: 4}
I: int64 test 68: {"a":1,"b":[2,3]}
I: int64 test 69: ["a",{"b":"c"}]
I: int64 test 70: {"a":"A","b":"B","c":"C","d":"D","e":"E"}
I: int64 test 71: (_ h'0102', h'030405')
I: int64 test 72: "streaming"
I: int64 test 73: []
I: int64 test 74: [1,[2,3],[4,5]]
I: int64 test 75: [1,[2,3],[4,5]]
I: int64 test 76: [1,[2,3],[4,5]]
I: int64 test 77: [1,[2,3],[4,5]]
I: int64 test 78: [1,2,3,4,5,6,7,8,9,10,11,12,13,14,15,16,17,18,19,20,21,22,23,24,25]
I: int64 test 79: {"a":1,"b":[2,3]}
I: int64 test 80: ["a",{"b":"c"}]
I: int64 test 81: {"Fun":true,"Amt":-2}
I: int64 test 82: "9223372036854775807"
I: int64 tests finished. tests ok = 72 failed = 0 ignored = 11
